torch 2.14.1+cpu | threads 12
torchaudio 2.11.0+cpu (natív ARM64)
threads: 12 logikai mag
súlyok letöltése: sarpba/F5-TTS_V1_hun_v2
  ckpt: C:\AI\models\hf_cache\hub\models--sarpba--F5-TTS_V1_hun_v2\snapshots\55d37afb8111a0dfa30e8fa279dd7942fd2a9d0f\model_309300.safetensors
C:\AI\clone-probe\venv\Lib\site-packages\torch\jit\_script.py:1491: FutureWarning: `torch.jit.script` is deprecated. Please switch to `torch.compile` or `torch.export`.
  warnings.warn(
Download Vocos from huggingface charactr/vocos-mel-24khz

vocab :  C:\AI\models\hf_cache\hub\models--sarpba--F5-TTS_V1_hun_v2\snapshots\55d37afb8111a0dfa30e8fa279dd7942fd2a9d0f\vocab.txt
token :  custom
model :  C:\AI\models\hf_cache\hub\models--sarpba--F5-TTS_V1_hun_v2\snapshots\55d37afb8111a0dfa30e8fa279dd7942fd2a9d0f\model_309300.safetensors 

modell betöltve 3.5 s
referencia: 02-Az_öreg_kőház_udvarán_csende__serial.wav 5.30 s @ 24000 Hz
Converting audio...
Using custom reference text...

ref_text   Az öreg kőház udvarán csendesen gólyák bújtak a nádasban. 
gen_text 0 A tengerparton reggel még köd lebegett a fák között.


Generating audio in 1 batches...
  0%|          | 0/1 [00:00<?, ?it/s]100%|██████████| 1/1 [01:20<00:00, 80.62s/it]100%|██████████| 1/1 [01:20<00:00, 80.62s/it]
[1]  3.45 s hang /  80.80 s -> RTF  0.043 | peak 0.581 rms 0.0701 nan=False
     A tengerparton reggel még köd lebegett a fák között.
Converting audio...
Using cached preprocessed reference audio...
Using custom reference text...

ref_text   Az öreg kőház udvarán csendesen gólyák bújtak a nádasban. 
gen_text 0 Ebben a könyvben egy magyar nyelvű mesét találhatsz.


Generating audio in 1 batches...
  0%|          | 0/1 [00:00<?, ?it/s]100%|██████████| 1/1 [01:22<00:00, 82.39s/it]100%|██████████| 1/1 [01:22<00:00, 82.39s/it]
[2]  3.38 s hang /  82.41 s -> RTF  0.041 | peak 0.437 rms 0.0693 nan=False
     Ebben a könyvben egy magyar nyelvű mesét találhatsz.
Converting audio...
Using cached preprocessed reference audio...
Using custom reference text...

ref_text   Az öreg kőház udvarán csendesen gólyák bújtak a nádasban. 
gen_text 0 A kis falu utcáin a macskák éjszaka is járkáltak.


Generating audio in 1 batches...
  0%|          | 0/1 [00:00<?, ?it/s]100%|██████████| 1/1 [01:36<00:00, 96.06s/it]100%|██████████| 1/1 [01:36<00:00, 96.07s/it]
[3]  3.26 s hang /  96.08 s -> RTF  0.034 | peak 0.439 rms 0.0644 nan=False
     A kis falu utcáin a macskák éjszaka is járkáltak.

összes: 10.09 s hang / 259.28 s -> RTF 0.0389
1 óra hangra becsült idő: 1541.7 perc
EXIT=0
